U:\Desktop\cpre488mp3\system\implementation\system.ngc 1490033342
U:/Desktop/cpre488mp3/system/implementation/system_fmc_imageon_vita_receiver_0_wrapper.ngc 1490033267
U:/Desktop/cpre488mp3/system/implementation/system_processing_system7_0_wrapper.ngc 1490031727
U:/Desktop/cpre488mp3/system/implementation/system_fmc_imageon_hdmi_out_0_wrapper.ngc 1490033217
U:/Desktop/cpre488mp3/system/implementation/system_clock_generator_1_wrapper.ngc 1490033260
U:/Desktop/cpre488mp3/system/implementation/system_v_vid_in_axi4s_0_wrapper.ngc 1490033030
U:/Desktop/cpre488mp3/system/implementation/system_axi4lite_0_wrapper.ngc 1490033244
U:/Desktop/cpre488mp3/system/implementation/system_axi_interconnect_1_wrapper.ngc 1490033250
U:/Desktop/cpre488mp3/system/implementation/system_axi_vdma_0_wrapper.ngc 1490033256
U:/Desktop/cpre488mp3/system/implementation/system_v_tc_1_wrapper.ngc 1490032945
U:/Desktop/cpre488mp3/system/implementation/system_axi_tpg_0_wrapper.ngc 1490032959
U:/Desktop/cpre488mp3/system/implementation/system_v_tc_0_wrapper.ngc 1490033074
U:/Desktop/cpre488mp3/system/implementation/system_v_cfa_0_wrapper.ngc 1490033125
U:/Desktop/cpre488mp3/system/implementation/system_v_rgb2ycrcb_0_wrapper.ngc 1490033272
U:/Desktop/cpre488mp3/system/implementation/system_v_cresample_0_wrapper.ngc 1490033276
U:/Desktop/cpre488mp3/system/implementation/system_v_axi4s_vid_out_0_wrapper.ngc 1490033209
U:/Desktop/cpre488mp3/system/implementation/system_iic_fmc_wrapper.ngc 1490032884
U:/Desktop/cpre488mp3/system/implementation/system_fmc_imageon_iic_0_wrapper.ngc 1490032900
U:/Desktop/cpre488mp3/system/implementation/system_btns_5bits_wrapper.ngc 1490033228
U:/Desktop/cpre488mp3/system/implementation/system_sws_8bits_wrapper.ngc 1490033239
OK
