17:47:07 **** Incremental Build of configuration Debug for project zynq_fsbl ****
make all 
'Building file: ../src/camera_app.c'
'Invoking: ARM gcc compiler'
arm-xilinx-eabi-gcc -Wall -O0 -g3 -c -fmessage-length=0 -I../../zynq_fsbl_bsp/ps7_cortexa9_0/include -MMD -MP -MF"src/camera_app.d" -MT"src/camera_app.d" -o "src/camera_app.o" "../src/camera_app.c"
In file included from ../src/camera_app.c:19:0:
../src/camera_app.h:22:25: fatal error: xparameters.h: No such file or directory
compilation terminated.
make: *** [src/camera_app.o] Error 1
17:48:13 **** Auto Build of configuration Debug for project zynq_fsbl ****
make all 
'Building file: ../src/camera_app.c'
'Invoking: ARM gcc compiler'
arm-xilinx-eabi-gcc -Wall -O0 -g3 -c -fmessage-length=0 -I../../zynq_fsbl_bsp/ps7_cortexa9_0/include -MMD -MP -MF"src/camera_app.d" -MT"src/camera_app.d" -o "src/camera_app.o" "../src/camera_app.c"
In file included from ../src/camera_app.c:19:0:
../src/camera_app.h:22:25: fatal error: xparameters.h: No such file or directory
compilation terminated.
make: *** [src/camera_app.o] Error 1
17:48:19 **** Auto Build of configuration Debug for project zynq_fsbl ****
make all 
'Building file: ../src/camera_app.c'
'Invoking: ARM gcc compiler'
arm-xilinx-eabi-gcc -Wall -O0 -g3 -c -fmessage-length=0 -I../../zynq_fsbl_bsp/ps7_cortexa9_0/include -MMD -MP -MF"src/camera_app.d" -MT"src/camera_app.d" -o "src/camera_app.o" "../src/camera_app.c"
In file included from ../src/camera_app.c:19:0:
../src/camera_app.h:22:25: fatal error: xparameters.h: No such file or directory
compilation terminated.
make: *** [src/camera_app.o] Error 1
17:48:23 **** Auto Build of configuration Debug for project zynq_fsbl ****
make all 
'Building file: ../src/camera_app.c'
'Invoking: ARM gcc compiler'
arm-xilinx-eabi-gcc -Wall -O0 -g3 -c -fmessage-length=0 -I../../zynq_fsbl_bsp/ps7_cortexa9_0/include -MMD -MP -MF"src/camera_app.d" -MT"src/camera_app.d" -o "src/camera_app.o" "../src/camera_app.c"
In file included from ../src/camera_app.c:19:0:
../src/camera_app.h:22:26: fatal error: xbasic_types.h: No such file or directory
compilation terminated.
make: *** [src/camera_app.o] Error 1
17:48:25 **** Auto Build of configuration Debug for project zynq_fsbl ****
make all 
'Building file: ../src/camera_app.c'
'Invoking: ARM gcc compiler'
arm-xilinx-eabi-gcc -Wall -O0 -g3 -c -fmessage-length=0 -I../../zynq_fsbl_bsp/ps7_cortexa9_0/include -MMD -MP -MF"src/camera_app.d" -MT"src/camera_app.d" -o "src/camera_app.o" "../src/camera_app.c"
In file included from ../src/camera_app.c:19:0:
../src/camera_app.h:21:26: fatal error: xbasic_types.h: No such file or directory
compilation terminated.
make: *** [src/camera_app.o] Error 1
17:50:07 **** Build of project system_bsp ****
make -k all 
libgen -hw ../system_hw_platform/system.xml\
	       -lp //my.files.iastate.edu/Users/kfisch13/Desktop/cpre488mp3/repository -lp //my.files.iastate.edu/Users/kfisch13/Desktop/cpre488mp3/repository/ProcessorIPLib\
	       -pe ps7_cortexa9_0 \
	       -log libgen.log \
	       system.mss
libgen
Xilinx EDK 14.7 Build EDK_P.20131013
Copyright (c) 1995-2012 Xilinx, Inc.  All rights reserved.

Command Line: libgen -hw ../system_hw_platform/system.xml -lp
//my.files.iastate.edu/Users/kfisch13/Desktop/cpre488mp3/repository -lp
//my.files.iastate.edu/Users/kfisch13/Desktop/cpre488mp3/repository/ProcessorIPL
ib -pe ps7_cortexa9_0 -log libgen.log system.mss 

WARNING:EDK:411 - iic - U:\Desktop\cpre488mp3\sw\system_bsp\system.mss line 27 -
   deprecated driver!
WARNING:EDK:411 - iic - U:\Desktop\cpre488mp3\sw\system_bsp\system.mss line 33 -
   deprecated driver!
WARNING:EDK:411 - devcfg - U:\Desktop\cpre488mp3\sw\system_bsp\system.mss line
   51 - deprecated driver!
WARNING:EDK:411 - dmaps - U:\Desktop\cpre488mp3\sw\system_bsp\system.mss line 57
   - deprecated driver!
WARNING:EDK:411 - dmaps - U:\Desktop\cpre488mp3\sw\system_bsp\system.mss line 63
   - deprecated driver!
WARNING:EDK:411 - emacps - U:\Desktop\cpre488mp3\sw\system_bsp\system.mss line
   69 - deprecated driver!
WARNING:EDK:411 - gpiops - U:\Desktop\cpre488mp3\sw\system_bsp\system.mss line
   75 - deprecated driver!
WARNING:EDK:411 - qspips - U:\Desktop\cpre488mp3\sw\system_bsp\system.mss line
   87 - deprecated driver!
WARNING:EDK:411 - scugic - U:\Desktop\cpre488mp3\sw\system_bsp\system.mss line
   111 - deprecated driver!
WARNING:EDK:411 - scutimer - U:\Desktop\cpre488mp3\sw\system_bsp\system.mss line
   117 - deprecated driver!
WARNING:EDK:411 - scuwdt - U:\Desktop\cpre488mp3\sw\system_bsp\system.mss line
   123 - deprecated driver!
WARNING:EDK:411 - uartps - U:\Desktop\cpre488mp3\sw\system_bsp\system.mss line
   147 - deprecated driver!
WARNING:EDK:411 - usbps - U:\Desktop\cpre488mp3\sw\system_bsp\system.mss line
   153 - deprecated driver!
WARNING:EDK:411 - axivdma - U:\Desktop\cpre488mp3\sw\system_bsp\system.mss line
   171 - deprecated driver!
WARNING:EDK:411 - standalone - U:\Desktop\cpre488mp3\sw\system_bsp\system.mss
   line 5 - deprecated os!

Staging source files.
Running DRCs.
Running generate.
Handling DEVICE_ID

Handling C_BASEADDR

Handling DEVICE_ID

Handling C_BASEADDR

Running post_generate.
Running include - 'make -s include "COMPILER=arm-xilinx-eabi-gcc"
"ARCHIVER=arm-xilinx-eabi-ar" "COMPILER_FLAGS= -O2 -c"
"EXTRA_COMPILER_FLAGS=-g"'.

Running libs - 'make -s libs "COMPILER=arm-xilinx-eabi-gcc"
"ARCHIVER=arm-xilinx-eabi-ar" "COMPILER_FLAGS= -O2 -c"
"EXTRA_COMPILER_FLAGS=-g"'.
"Compiling common"
arm-xilinx-eabi-ar: creating ../../../lib/libxil.a
"Compiling xadc"
"Compiling standalone"
"Compiling fmc_iic_sw"
"Compiling fmc_imageon_sw"
"Compiling fmc_ipmi_sw"
"Compiling axivdma"
"Compiling gpio"
"Compiling iic"
"Compiling fmc_imageon_vita_receiver"
fmc_imageon_vita_receiver.c: In function 'fmc_imageon_vita_receiver_set_analog_gain':
fmc_imageon_vita_receiver.c:1430:12: warning: assignment from incompatible pointer type [enabled by default]
fmc_imageon_vita_receiver.c:1436:7: warning: passing argument 2 of 'fmc_imageon_vita_receiver_spi_display_sequence' from incompatible pointer type [enabled by default]
fmc_imageon_vita_receiver.c:730:5: note: expected 'Xuint16 (*)[3]' but argument is of type 'Xuint16 **'
fmc_imageon_vita_receiver.c:1438:4: warning: passing argument 2 of 'fmc_imageon_vita_receiver_spi_write_sequence' from incompatible pointer type [enabled by default]
fmc_imageon_vita_receiver.c:683:5: note: expected 'Xuint16 (*)[3]' but argument is of type 'Xuint16 **'
fmc_imageon_vita_receiver.c: In function 'fmc_imageon_vita_receiver_set_digital_gain':
fmc_imageon_vita_receiver.c:1467:12: warning: assignment from incompatible pointer type [enabled by default]
fmc_imageon_vita_receiver.c:1473:4: warning: passing argument 2 of 'fmc_imageon_vita_receiver_spi_display_sequence' from incompatible pointer type [enabled by default]
fmc_imageon_vita_receiver.c:730:5: note: expected 'Xuint16 (*)[3]' but argument is of type 'Xuint16 **'
fmc_imageon_vita_receiver.c:1475:4: warning: passing argument 2 of 'fmc_imageon_vita_receiver_spi_write_sequence' from incompatible pointer type [enabled by default]
fmc_imageon_vita_receiver.c:683:5: note: expected 'Xuint16 (*)[3]' but argument is of type 'Xuint16 **'
"Compiling devcfg"
"Compiling dmaps"
"Compiling emacps"
"Compiling gpiops"
"Compiling qspips"
"Compiling scugic"
"Compiling scutimer"
"Compiling scuwdt"
"Compiling ttcps"
"Compiling uartps"
"Compiling usbps"
"Compiling cfa"
"Compiling cresample"
"Compiling rgb2ycrcb"
"Compiling video timing controller"
"Compiling cpu_cortexa9"
Running execs_generate.
'Finished building libraries'
17:52:01 **** Clean-only build of configuration Debug for project zynq_fsbl ****
make clean 
rm -rf  ./src/camera_app.o ./src/ddr_init.o ./src/ff.o ./src/fmc_imageon_utils.o ./src/fsbl_handoff.o ./src/fsbl_hooks.o ./src/image_mover.o ./src/main.o ./src/md5.o ./src/mmc.o ./src/nand.o ./src/nor.o ./src/pcap.o ./src/ps7_init.o ./src/qspi.o ./src/rsa.o ./src/sd.o ./src/video_detector.o ./src/video_frame_buffer.o ./src/video_generator.o ./src/video_resolution.o ./src/xtpg_app.o  ./src/camera_app.d ./src/ddr_init.d ./src/ff.d ./src/fmc_imageon_utils.d ./src/fsbl_hooks.d ./src/image_mover.d ./src/main.d ./src/md5.d ./src/mmc.d ./src/nand.d ./src/nor.d ./src/pcap.d ./src/ps7_init.d ./src/qspi.d ./src/rsa.d ./src/sd.d ./src/video_detector.d ./src/video_frame_buffer.d ./src/video_generator.d ./src/video_resolution.d ./src/xtpg_app.d  zynq_fsbl.elf.size  ./src/fsbl_handoff.d  zynq_fsbl.elf
' '
17:52:02 **** Auto Build of configuration Debug for project zynq_fsbl ****
make all 
'Building file: ../src/camera_app.c'
'Invoking: ARM gcc compiler'
arm-xilinx-eabi-gcc -Wall -O0 -g3 -c -fmessage-length=0 -I../../system_bsp/ps7_cortexa9_0/include -MMD -MP -MF"src/camera_app.d" -MT"src/camera_app.d" -o "src/camera_app.o" "../src/camera_app.c"
'Finished building: ../src/camera_app.c'
' '
'Building file: ../src/ddr_init.c'
'Invoking: ARM gcc compiler'
arm-xilinx-eabi-gcc -Wall -O0 -g3 -c -fmessage-length=0 -I../../system_bsp/ps7_cortexa9_0/include -MMD -MP -MF"src/ddr_init.d" -MT"src/ddr_init.d" -o "src/ddr_init.o" "../src/ddr_init.c"
'Finished building: ../src/ddr_init.c'
' '
'Building file: ../src/ff.c'
'Invoking: ARM gcc compiler'
arm-xilinx-eabi-gcc -Wall -O0 -g3 -c -fmessage-length=0 -I../../system_bsp/ps7_cortexa9_0/include -MMD -MP -MF"src/ff.d" -MT"src/ff.d" -o "src/ff.o" "../src/ff.c"
'Finished building: ../src/ff.c'
' '
'Building file: ../src/fmc_imageon_utils.c'
'Invoking: ARM gcc compiler'
arm-xilinx-eabi-gcc -Wall -O0 -g3 -c -fmessage-length=0 -I../../system_bsp/ps7_cortexa9_0/include -MMD -MP -MF"src/fmc_imageon_utils.d" -MT"src/fmc_imageon_utils.d" -o "src/fmc_imageon_utils.o" "../src/fmc_imageon_utils.c"
'Finished building: ../src/fmc_imageon_utils.c'
' '
'Building file: ../src/fsbl_handoff.S'
'Invoking: ARM gcc compiler'
arm-xilinx-eabi-gcc -Wall -O0 -g3 -c -fmessage-length=0 -I../../system_bsp/ps7_cortexa9_0/include -MMD -MP -MF"src/fsbl_handoff.d" -MT"src/fsbl_handoff.d" -o "src/fsbl_handoff.o" "../src/fsbl_handoff.S"
'Finished building: ../src/fsbl_handoff.S'
' '
'Building file: ../src/fsbl_hooks.c'
'Invoking: ARM gcc compiler'
arm-xilinx-eabi-gcc -Wall -O0 -g3 -c -fmessage-length=0 -I../../system_bsp/ps7_cortexa9_0/include -MMD -MP -MF"src/fsbl_hooks.d" -MT"src/fsbl_hooks.d" -o "src/fsbl_hooks.o" "../src/fsbl_hooks.c"
../src/fsbl_hooks.c: In function 'FsblHookBeforeHandoff':
../src/fsbl_hooks.c:151:2: warning: implicit declaration of function 'camera_main' [-Wimplicit-function-declaration]
'Finished building: ../src/fsbl_hooks.c'
' '
'Building file: ../src/image_mover.c'
'Invoking: ARM gcc compiler'
arm-xilinx-eabi-gcc -Wall -O0 -g3 -c -fmessage-length=0 -I../../system_bsp/ps7_cortexa9_0/include -MMD -MP -MF"src/image_mover.d" -MT"src/image_mover.d" -o "src/image_mover.o" "../src/image_mover.c"
'Finished building: ../src/image_mover.c'
' '
'Building file: ../src/main.c'
'Invoking: ARM gcc compiler'
arm-xilinx-eabi-gcc -Wall -O0 -g3 -c -fmessage-length=0 -I../../system_bsp/ps7_cortexa9_0/include -MMD -MP -MF"src/main.d" -MT"src/main.d" -o "src/main.o" "../src/main.c"
../src/main.c: In function 'GetSiliconVersion':
../src/main.c:1296:2: warning: implicit declaration of function 'XDcfg_GetPsVersion' [-Wimplicit-function-declaration]
'Finished building: ../src/main.c'
' '
'Building file: ../src/md5.c'
'Invoking: ARM gcc compiler'
arm-xilinx-eabi-gcc -Wall -O0 -g3 -c -fmessage-length=0 -I../../system_bsp/ps7_cortexa9_0/include -MMD -MP -MF"src/md5.d" -MT"src/md5.d" -o "src/md5.o" "../src/md5.c"
'Finished building: ../src/md5.c'
' '
'Building file: ../src/mmc.c'
'Invoking: ARM gcc compiler'
arm-xilinx-eabi-gcc -Wall -O0 -g3 -c -fmessage-length=0 -I../../system_bsp/ps7_cortexa9_0/include -MMD -MP -MF"src/mmc.d" -MT"src/mmc.d" -o "src/mmc.o" "../src/mmc.c"
'Finished building: ../src/mmc.c'
' '
'Building file: ../src/nand.c'
'Invoking: ARM gcc compiler'
arm-xilinx-eabi-gcc -Wall -O0 -g3 -c -fmessage-length=0 -I../../system_bsp/ps7_cortexa9_0/include -MMD -MP -MF"src/nand.d" -MT"src/nand.d" -o "src/nand.o" "../src/nand.c"
'Finished building: ../src/nand.c'
' '
'Building file: ../src/nor.c'
'Invoking: ARM gcc compiler'
arm-xilinx-eabi-gcc -Wall -O0 -g3 -c -fmessage-length=0 -I../../system_bsp/ps7_cortexa9_0/include -MMD -MP -MF"src/nor.d" -MT"src/nor.d" -o "src/nor.o" "../src/nor.c"
'Finished building: ../src/nor.c'
' '
'Building file: ../src/pcap.c'
'Invoking: ARM gcc compiler'
arm-xilinx-eabi-gcc -Wall -O0 -g3 -c -fmessage-length=0 -I../../system_bsp/ps7_cortexa9_0/include -MMD -MP -MF"src/pcap.d" -MT"src/pcap.d" -o "src/pcap.o" "../src/pcap.c"
'Finished building: ../src/pcap.c'
' '
'Building file: ../src/ps7_init.c'
'Invoking: ARM gcc compiler'
arm-xilinx-eabi-gcc -Wall -O0 -g3 -c -fmessage-length=0 -I../../system_bsp/ps7_cortexa9_0/include -MMD -MP -MF"src/ps7_init.d" -MT"src/ps7_init.d" -o "src/ps7_init.o" "../src/ps7_init.c"
'Finished building: ../src/ps7_init.c'
' '
'Building file: ../src/qspi.c'
'Invoking: ARM gcc compiler'
arm-xilinx-eabi-gcc -Wall -O0 -g3 -c -fmessage-length=0 -I../../system_bsp/ps7_cortexa9_0/include -MMD -MP -MF"src/qspi.d" -MT"src/qspi.d" -o "src/qspi.o" "../src/qspi.c"
../src/qspi.c: In function 'InitQspi':
../src/qspi.c:216:4: error: 'XQSPIPS_HOLD_B_DRIVE_OPTION' undeclared (first use in this function)
../src/qspi.c:216:4: note: each undeclared identifier is reported only once for each function it appears in
../src/qspi.c:226:2: error: too few arguments to function 'XQspiPs_SetSlaveSelect'
In file included from ../src/qspi.c:80:0:
../../system_bsp/ps7_cortexa9_0/include/xqspips.h:563:5: note: declared here
../src/qspi.c:236:6: error: 'XPAR_PS7_QSPI_0_QSPI_MODE' undeclared (first use in this function)
../src/qspi.c:259:4: warning: passing argument 1 of 'Xil_Out32' makes integer from pointer without a cast [enabled by default]
In file included from ../src/fsbl.h:237:0,
                 from ../src/qspi.h:65,
                 from ../src/qspi.c:75:
../../system_bsp/ps7_cortexa9_0/include/xil_io.h:237:6: note: expected 'u32' but argument is of type 'struct XQspiPs *'
../src/qspi.c:289:4: warning: passing argument 1 of 'Xil_Out32' makes integer from pointer without a cast [enabled by default]
In file included from ../src/fsbl.h:237:0,
                 from ../src/qspi.h:65,
                 from ../src/qspi.c:75:
../../system_bsp/ps7_cortexa9_0/include/xil_io.h:237:6: note: expected 'u32' but argument is of type 'struct XQspiPs *'
../src/qspi.c: In function 'FlashReadID':
../src/qspi.c:345:5: error: too few arguments to function 'XQspiPs_PolledTransfer'
In file included from ../src/qspi.c:80:0:
../../system_bsp/ps7_cortexa9_0/include/xqspips.h:558:5: note: declared here
../src/qspi.c: In function 'FlashRead':
../src/qspi.c:423:5: error: too few arguments to function 'XQspiPs_PolledTransfer'
In file included from ../src/qspi.c:80:0:
../../system_bsp/ps7_cortexa9_0/include/xqspips.h:558:5: note: declared here
../src/qspi.c: In function 'QspiAccess':
../src/qspi.c:475:7: error: 'XPAR_PS7_QSPI_0_QSPI_MODE' undeclared (first use in this function)
../src/qspi.c:518:6: error: too few arguments to function 'XQspiPs_SetSlaveSelect'
In file included from ../src/qspi.c:80:0:
../../system_bsp/ps7_cortexa9_0/include/xqspips.h:563:5: note: declared here
../src/qspi.c:615:4: error: too few arguments to function 'XQspiPs_SetSlaveSelect'
In file included from ../src/qspi.c:80:0:
../../system_bsp/ps7_cortexa9_0/include/xqspips.h:563:5: note: declared here
../src/qspi.c: In function 'SendBankSelect':
../src/qspi.c:649:5: error: too few arguments to function 'XQspiPs_PolledTransfer'
In file included from ../src/qspi.c:80:0:
../../system_bsp/ps7_cortexa9_0/include/xqspips.h:558:5: note: declared here
../src/qspi.c:661:5: error: too few arguments to function 'XQspiPs_PolledTransfer'
In file included from ../src/qspi.c:80:0:
../../system_bsp/ps7_cortexa9_0/include/xqspips.h:558:5: note: declared here
../src/qspi.c:676:5: error: too few arguments to function 'XQspiPs_PolledTransfer'
In file included from ../src/qspi.c:80:0:
../../system_bsp/ps7_cortexa9_0/include/xqspips.h:558:5: note: declared here
../src/qspi.c:694:5: error: too few arguments to function 'XQspiPs_PolledTransfer'
In file included from ../src/qspi.c:80:0:
../../system_bsp/ps7_cortexa9_0/include/xqspips.h:558:5: note: declared here
../src/qspi.c:709:5: error: too few arguments to function 'XQspiPs_PolledTransfer'
In file included from ../src/qspi.c:80:0:
../../system_bsp/ps7_cortexa9_0/include/xqspips.h:558:5: note: declared here
make: *** [src/qspi.o] Error 1
17:54:57 **** Auto Build of configuration Debug for project zynq_fsbl ****
make all 
'Building file: ../src/qspi.c'
'Invoking: ARM gcc compiler'
arm-xilinx-eabi-gcc -Wall -O0 -g3 -c -fmessage-length=0 -I../../system_bsp/ps7_cortexa9_0/include -MMD -MP -MF"src/qspi.d" -MT"src/qspi.d" -o "src/qspi.o" "../src/qspi.c"
'Finished building: ../src/qspi.c'
' '
'Building file: ../src/rsa.c'
'Invoking: ARM gcc compiler'
arm-xilinx-eabi-gcc -Wall -O0 -g3 -c -fmessage-length=0 -I../../system_bsp/ps7_cortexa9_0/include -MMD -MP -MF"src/rsa.d" -MT"src/rsa.d" -o "src/rsa.o" "../src/rsa.c"
'Finished building: ../src/rsa.c'
' '
'Building file: ../src/sd.c'
'Invoking: ARM gcc compiler'
arm-xilinx-eabi-gcc -Wall -O0 -g3 -c -fmessage-length=0 -I../../system_bsp/ps7_cortexa9_0/include -MMD -MP -MF"src/sd.d" -MT"src/sd.d" -o "src/sd.o" "../src/sd.c"
'Finished building: ../src/sd.c'
' '
'Building file: ../src/video_detector.c'
'Invoking: ARM gcc compiler'
arm-xilinx-eabi-gcc -Wall -O0 -g3 -c -fmessage-length=0 -I../../system_bsp/ps7_cortexa9_0/include -MMD -MP -MF"src/video_detector.d" -MT"src/video_detector.d" -o "src/video_detector.o" "../src/video_detector.c"
../src/video_detector.c: In function 'vdet_init':
../src/video_detector.c:117:6: warning: unused variable 'ResolutionId' [-Wunused-variable]
../src/video_detector.c:116:10: warning: unused variable 'Height' [-Wunused-variable]
../src/video_detector.c:115:10: warning: unused variable 'Width' [-Wunused-variable]
../src/video_detector.c: In function 'vdet_detect':
../src/video_detector.c:168:20: warning: unused variable 'SourceSelect' [-Wunused-variable]
../src/video_detector.c:167:16: warning: unused variable 'Polarity' [-Wunused-variable]
../src/video_detector.c: In function 'vdet_config':
../src/video_detector.c:226:6: warning: unused variable 'Status' [-Wunused-variable]
'Finished building: ../src/video_detector.c'
' '
'Building file: ../src/video_frame_buffer.c'
'Invoking: ARM gcc compiler'
arm-xilinx-eabi-gcc -Wall -O0 -g3 -c -fmessage-length=0 -I../../system_bsp/ps7_cortexa9_0/include -MMD -MP -MF"src/video_frame_buffer.d" -MT"src/video_frame_buffer.d" -o "src/video_frame_buffer.o" "../src/video_frame_buffer.c"
../src/video_frame_buffer.c: In function 'vfb_rx_init':
../src/video_frame_buffer.c:53:8: warning: unused variable 'uDMACR' [-Wunused-variable]
../src/video_frame_buffer.c:52:8: warning: unused variable 'uBaseAddr' [-Wunused-variable]
../src/video_frame_buffer.c:51:26: warning: unused variable 'FrameCfg' [-Wunused-variable]
../src/video_frame_buffer.c: In function 'vfb_tx_init':
../src/video_frame_buffer.c:78:26: warning: unused variable 'FrameCfg' [-Wunused-variable]
../src/video_frame_buffer.c:110:1: warning: control reaches end of non-void function [-Wreturn-type]
../src/video_frame_buffer.c: In function 'vfb_rx_init':
../src/video_frame_buffer.c:73:1: warning: control reaches end of non-void function [-Wreturn-type]
'Finished building: ../src/video_frame_buffer.c'
' '
'Building file: ../src/video_generator.c'
'Invoking: ARM gcc compiler'
arm-xilinx-eabi-gcc -Wall -O0 -g3 -c -fmessage-length=0 -I../../system_bsp/ps7_cortexa9_0/include -MMD -MP -MF"src/video_generator.d" -MT"src/video_generator.d" -o "src/video_generator.o" "../src/video_generator.c"
../src/video_generator.c: In function 'vgen_init':
../src/video_generator.c:118:6: warning: unused variable 'ResolutionId' [-Wunused-variable]
../src/video_generator.c:117:10: warning: unused variable 'Height' [-Wunused-variable]
../src/video_generator.c:116:10: warning: unused variable 'Width' [-Wunused-variable]
../src/video_generator.c: In function 'vgen_config':
../src/video_generator.c:166:6: warning: unused variable 'Status' [-Wunused-variable]
'Finished building: ../src/video_generator.c'
' '
'Building file: ../src/video_resolution.c'
'Invoking: ARM gcc compiler'
arm-xilinx-eabi-gcc -Wall -O0 -g3 -c -fmessage-length=0 -I../../system_bsp/ps7_cortexa9_0/include -MMD -MP -MF"src/video_resolution.d" -MT"src/video_resolution.d" -o "src/video_resolution.o" "../src/video_resolution.c"
'Finished building: ../src/video_resolution.c'
' '
'Building file: ../src/xtpg_app.c'
'Invoking: ARM gcc compiler'
arm-xilinx-eabi-gcc -Wall -O0 -g3 -c -fmessage-length=0 -I../../system_bsp/ps7_cortexa9_0/include -MMD -MP -MF"src/xtpg_app.d" -MT"src/xtpg_app.d" -o "src/xtpg_app.o" "../src/xtpg_app.c"
../src/xtpg_app.c: In function 'xTPG_main':
../src/xtpg_app.c:66:7: warning: implicit declaration of function 'print' [-Wimplicit-function-declaration]
../src/xtpg_app.c:67:7: warning: implicit declaration of function 'inbyte' [-Wimplicit-function-declaration]
../src/xtpg_app.c:68:7: warning: implicit declaration of function 'xil_printf' [-Wimplicit-function-declaration]
../src/xtpg_app.c:39:27: warning: unused variable 'pass' [-Wunused-variable]
../src/xtpg_app.c:39:19: warning: unused variable 'offset' [-Wunused-variable]
../src/xtpg_app.c:39:14: warning: unused variable 'num' [-Wunused-variable]
../src/xtpg_app.c:39:11: warning: unused variable 'j' [-Wunused-variable]
../src/xtpg_app.c:39:8: warning: unused variable 'i' [-Wunused-variable]
../src/xtpg_app.c:38:28: warning: unused variable 'fstore_address' [-Wunused-variable]
../src/xtpg_app.c:38:18: warning: unused variable 'y_offset' [-Wunused-variable]
../src/xtpg_app.c:38:8: warning: unused variable 'x_offset' [-Wunused-variable]
../src/xtpg_app.c:37:29: warning: unused variable 'data_read' [-Wunused-variable]
../src/xtpg_app.c:37:23: warning: unused variable 'mask' [-Wunused-variable]
../src/xtpg_app.c:37:17: warning: unused variable 'data' [-Wunused-variable]
../src/xtpg_app.c:36:38: warning: unused variable 'taddress' [-Wunused-variable]
../src/xtpg_app.c:36:28: warning: unused variable 'address' [-Wunused-variable]
'Finished building: ../src/xtpg_app.c'
' '
'Building target: zynq_fsbl.elf'
'Invoking: ARM gcc linker'
arm-xilinx-eabi-gcc -L"U:\Desktop\cpre488mp3\sw\zynq_fsbl\src" -Wl,-T -Wl,../src/lscript.ld -L../../system_bsp/ps7_cortexa9_0/lib -o "zynq_fsbl.elf"  ./src/camera_app.o ./src/ddr_init.o ./src/ff.o ./src/fmc_imageon_utils.o ./src/fsbl_handoff.o ./src/fsbl_hooks.o ./src/image_mover.o ./src/main.o ./src/md5.o ./src/mmc.o ./src/nand.o ./src/nor.o ./src/pcap.o ./src/ps7_init.o ./src/qspi.o ./src/rsa.o ./src/sd.o ./src/video_detector.o ./src/video_frame_buffer.o ./src/video_generator.o ./src/video_resolution.o ./src/xtpg_app.o   -lrsa -Wl,--start-group,-lxil,-lgcc,-lc,--end-group
./src/main.o: In function `main':
U:\Desktop\cpre488mp3\sw\zynq_fsbl\Debug/../src/main.c:399: undefined reference to `InitQspi'
U:\Desktop\cpre488mp3\sw\zynq_fsbl\Debug/../src/main.c:400: undefined reference to `QspiAccess'
U:\Desktop\cpre488mp3\sw\zynq_fsbl\Debug/../src/main.c:400: undefined reference to `QspiAccess'
./src/main.o: In function `GetSiliconVersion':
U:\Desktop\cpre488mp3\sw\zynq_fsbl\Debug/../src/main.c:1296: undefined reference to `XDcfg_GetPsVersion'
./src/main.o: In function `NextValidImageCheck':
U:\Desktop\cpre488mp3\sw\zynq_fsbl\Debug/../src/main.c:1413: undefined reference to `QspiFlashSize'
U:\Desktop\cpre488mp3\sw\zynq_fsbl\Debug/../src/main.c:1413: undefined reference to `QspiFlashSize'
collect2.exe: error: ld returned 1 exit status
make: *** [zynq_fsbl.elf] Error 1
17:55:56 **** Auto Build of configuration Debug for project zynq_fsbl ****
make all 
'Building file: ../src/main.c'
'Invoking: ARM gcc compiler'
arm-xilinx-eabi-gcc -Wall -O0 -g3 -c -fmessage-length=0 -I../../system_bsp/ps7_cortexa9_0/include -MMD -MP -MF"src/main.d" -MT"src/main.d" -o "src/main.o" "../src/main.c"
'Finished building: ../src/main.c'
' '
'Building target: zynq_fsbl.elf'
'Invoking: ARM gcc linker'
arm-xilinx-eabi-gcc -L"U:\Desktop\cpre488mp3\sw\zynq_fsbl\src" -Wl,-T -Wl,../src/lscript.ld -L../../system_bsp/ps7_cortexa9_0/lib -o "zynq_fsbl.elf"  ./src/camera_app.o ./src/ddr_init.o ./src/ff.o ./src/fmc_imageon_utils.o ./src/fsbl_handoff.o ./src/fsbl_hooks.o ./src/image_mover.o ./src/main.o ./src/md5.o ./src/mmc.o ./src/nand.o ./src/nor.o ./src/pcap.o ./src/ps7_init.o ./src/qspi.o ./src/rsa.o ./src/sd.o ./src/video_detector.o ./src/video_frame_buffer.o ./src/video_generator.o ./src/video_resolution.o ./src/xtpg_app.o   -lrsa -Wl,--start-group,-lxil,-lgcc,-lc,--end-group
./src/main.o: In function `main':
U:\Desktop\cpre488mp3\sw\zynq_fsbl\Debug/../src/main.c:399: undefined reference to `InitQspi'
U:\Desktop\cpre488mp3\sw\zynq_fsbl\Debug/../src/main.c:400: undefined reference to `QspiAccess'
U:\Desktop\cpre488mp3\sw\zynq_fsbl\Debug/../src/main.c:400: undefined reference to `QspiAccess'
./src/main.o: In function `NextValidImageCheck':
U:\Desktop\cpre488mp3\sw\zynq_fsbl\Debug/../src/main.c:1413: undefined reference to `QspiFlashSize'
U:\Desktop\cpre488mp3\sw\zynq_fsbl\Debug/../src/main.c:1413: undefined reference to `QspiFlashSize'
collect2.exe: error: ld returned 1 exit status
make: *** [zynq_fsbl.elf] Error 1
17:56:58 **** Auto Build of configuration Debug for project zynq_fsbl ****
make all 
'Building file: ../src/main.c'
'Invoking: ARM gcc compiler'
arm-xilinx-eabi-gcc -Wall -O0 -g3 -c -fmessage-length=0 -I../../system_bsp/ps7_cortexa9_0/include -MMD -MP -MF"src/main.d" -MT"src/main.d" -o "src/main.o" "../src/main.c"
'Finished building: ../src/main.c'
' '
'Building target: zynq_fsbl.elf'
'Invoking: ARM gcc linker'
arm-xilinx-eabi-gcc -L"U:\Desktop\cpre488mp3\sw\zynq_fsbl\src" -Wl,-T -Wl,../src/lscript.ld -L../../system_bsp/ps7_cortexa9_0/lib -o "zynq_fsbl.elf"  ./src/camera_app.o ./src/ddr_init.o ./src/ff.o ./src/fmc_imageon_utils.o ./src/fsbl_handoff.o ./src/fsbl_hooks.o ./src/image_mover.o ./src/main.o ./src/md5.o ./src/mmc.o ./src/nand.o ./src/nor.o ./src/pcap.o ./src/ps7_init.o ./src/qspi.o ./src/rsa.o ./src/sd.o ./src/video_detector.o ./src/video_frame_buffer.o ./src/video_generator.o ./src/video_resolution.o ./src/xtpg_app.o   -lrsa -Wl,--start-group,-lxil,-lgcc,-lc,--end-group
./src/main.o: In function `NextValidImageCheck':
U:\Desktop\cpre488mp3\sw\zynq_fsbl\Debug/../src/main.c:1413: undefined reference to `QspiFlashSize'
U:\Desktop\cpre488mp3\sw\zynq_fsbl\Debug/../src/main.c:1413: undefined reference to `QspiFlashSize'
collect2.exe: error: ld returned 1 exit status
make: *** [zynq_fsbl.elf] Error 1
17:57:10 **** Auto Build of configuration Debug for project zynq_fsbl ****
make all 
'Building file: ../src/main.c'
'Invoking: ARM gcc compiler'
arm-xilinx-eabi-gcc -Wall -O0 -g3 -c -fmessage-length=0 -I../../system_bsp/ps7_cortexa9_0/include -MMD -MP -MF"src/main.d" -MT"src/main.d" -o "src/main.o" "../src/main.c"
'Finished building: ../src/main.c'
' '
'Building target: zynq_fsbl.elf'
'Invoking: ARM gcc linker'
arm-xilinx-eabi-gcc -L"U:\Desktop\cpre488mp3\sw\zynq_fsbl\src" -Wl,-T -Wl,../src/lscript.ld -L../../system_bsp/ps7_cortexa9_0/lib -o "zynq_fsbl.elf"  ./src/camera_app.o ./src/ddr_init.o ./src/ff.o ./src/fmc_imageon_utils.o ./src/fsbl_handoff.o ./src/fsbl_hooks.o ./src/image_mover.o ./src/main.o ./src/md5.o ./src/mmc.o ./src/nand.o ./src/nor.o ./src/pcap.o ./src/ps7_init.o ./src/qspi.o ./src/rsa.o ./src/sd.o ./src/video_detector.o ./src/video_frame_buffer.o ./src/video_generator.o ./src/video_resolution.o ./src/xtpg_app.o   -lrsa -Wl,--start-group,-lxil,-lgcc,-lc,--end-group
'Finished building target: zynq_fsbl.elf'
' '
'Invoking: ARM Print Size'
arm-xilinx-eabi-size zynq_fsbl.elf  |tee "zynq_fsbl.elf.size"
   text	   data	    bss	    dec	    hex	filename
 127432	  13160	  71748	 212340	  33d74	zynq_fsbl.elf
'Finished building: zynq_fsbl.elf.size'
' '
